// Vitest Snapshot v1, https://vitest.dev/guide/snapshot.html

exports[`ProfileDropdown component > matches snapshot 1`] = `
<div>
  <button
    aria-expanded="false"
    aria-haspopup="true"
    class="flex relative justify-center items-center box-border overflow-hidden align-middle outline-none data-[focus-visible=true]:z-10 data-[focus-visible=true]:outline-2 data-[focus-visible=true]:outline-focus data-[focus-visible=true]:outline-offset-2 w-8 h-8 text-tiny bg-secondary text-secondary-foreground rounded-full ring-2 ring-offset-2 ring-offset-background dark:ring-offset-background-dark ring-secondary z-10 aria-expanded:scale-[0.97] aria-expanded:opacity-70 subpixel-antialiased transition-transform"
    data-slot="trigger"
    id="react-aria-:rl:"
    type="button"
  >
    <span
      aria-label="TE"
      class="absolute top-1/2 left-1/2 -translate-x-1/2 -translate-y-1/2 font-normal text-center text-inherit"
      role="img"
    >
      TE
    </span>
  </button>
  <div
    class="Toastify"
  />
</div>
`;
